[    0.000000] Linux version 4.15.0-142-generic (buildd@lgw01-amd64-036) (gcc version 7.5.0 (Ubuntu 7.5.0-3ubuntu1~18.04)) #146-Ubuntu SMP Tue Apr 13 01:11:19 UTC 2021 (Ubuntu 4.15.0-142.146-generic 4.15.18)
[    0.000000] Command line: BOOT_IMAGE=/boot/vmlinuz-4.15.0-142-generic root=UUID=f00ed87f-530d-463c-9a2a-e203095ea73d ro console=tty1 console=ttyS0
[    0.000000] KERNEL supported cpus:
[    0.000000]   Intel GenuineIntel
[    0.000000]   AMD AuthenticAMD
[    0.000000]   Centaur CentaurHauls
[    0.000000] x86/fpu: Supporting XSAVE feature 0x001: 'x87 floating point registers'
[    0.000000] x86/fpu: Supporting XSAVE feature 0x002: 'SSE registers'
[    0.000000] x86/fpu: Supporting XSAVE feature 0x004: 'AVX registers'
[    0.000000] x86/fpu: xstate_offset[2]:  576, xstate_sizes[2]:  256
[    0.000000] x86/fpu: Enabled xstate features 0x7, context size is 832 bytes, using 'standard' format.
[    0.000000] e820: BIOS-provided physical RAM map:
[    0.000000] BIOS-e820: [mem 0x0000000000000000-0x000000000009fbff] usable
[    0.000000] BIOS-e820: [mem 0x000000000009fc00-0x000000000009ffff] reserved
[    0.000000] BIOS-e820: [mem 0x00000000000f0000-0x00000000000fffff] reserved
[    0.000000] BIOS-e820: [mem 0x0000000000100000-0x000000007ffeffff] usable
[    0.000000] BIOS-e820: [mem 0x000000007fff0000-0x000000007fffffff] ACPI data
[    0.000000] BIOS-e820: [mem 0x00000000fec00000-0x00000000fec00fff] reserved
[    0.000000] BIOS-e820: [mem 0x00000000fee00000-0x00000000fee00fff] reserved
[    0.000000] BIOS-e820: [mem 0x00000000fffc0000-0x00000000ffffffff] reserved
[    0.000000] NX (Execute Disable) protection: active
[    0.000000] SMBIOS 2.5 present.
[    0.000000] DMI: innotek GmbH VirtualBox/VirtualBox, BIOS VirtualBox 12/01/2006
[    0.000000] Hypervisor detected: KVM
[    0.000000] e820: last_pfn = 0x7fff0 max_arch_pfn = 0x400000000
[    0.000000] MTRR: Disabled
[    0.000000] x86/PAT: MTRRs disabled, skipping PAT initialization too.
[    0.000000] CPU MTRRs all blank - virtualized system.
[    0.000000] x86/PAT: Configuration [0-7]: WB  WT  UC- UC  WB  WT  UC- UC  
[    0.000000] found SMP MP-table at [mem 0x0009fff0-0x0009ffff]
[    0.000000] Scanning 1 areas for low memory corruption
[    0.000000] RAMDISK: [mem 0x3581f000-0x36c06fff]
[    0.000000] ACPI: Early table checksum verification disabled
[    0.000000] ACPI: RSDP 0x00000000000E0000 000024 (v02 VBOX  )
[    0.000000] ACPI: XSDT 0x000000007FFF0030 00003C (v01 VBOX   VBOXXSDT 00000001 ASL  00000061)
[    0.000000] ACPI: FACP 0x000000007FFF00F0 0000F4 (v04 VBOX   VBOXFACP 00000001 ASL  00000061)
[    0.000000] ACPI: DSDT 0x000000007FFF0470 002325 (v02 VBOX   VBOXBIOS 00000002 INTL 20120111)
[    0.000000] ACPI: FACS 0x000000007FFF0200 000040
[    0.000000] ACPI: FACS 0x000000007FFF0200 000040
[    0.000000] ACPI: APIC 0x000000007FFF0240 00005C (v02 VBOX   VBOXAPIC 00000001 ASL  00000061)
[    0.000000] ACPI: SSDT 0x000000007FFF02A0 0001CC (v01 VBOX   VBOXCPUT 00000002 INTL 20120111)
[    0.000000] No NUMA configuration found
[    0.000000] Faking a node at [mem 0x0000000000000000-0x000000007ffeffff]
[    0.000000] NODE_DATA(0) allocated [mem 0x7ffc5000-0x7ffeffff]
[    0.000000] kvm-clock: cpu 0, msr 0:7ff44001, primary cpu clock
[    0.000000] kvm-clock: Using msrs 4b564d01 and 4b564d00
[    0.000000] kvm-clock: using sched offset of 6789545225 cycles
[    0.000000] clocksource: kvm-clock: mask: 0xffffffffffffffff max_cycles: 0x1cd42e4dffb, max_idle_ns: 881590591483 ns
[    0.000000] Zone ranges:
[    0.000000]   DMA      [mem 0x0000000000001000-0x0000000000ffffff]
[    0.000000]   DMA32    [mem 0x0000000001000000-0x000000007ffeffff]
[    0.000000]   Normal   empty
[    0.000000]   Device   empty
[    0.000000] Movable zone start for each node
[    0.000000] Early memory node ranges
[    0.000000]   node   0: [mem 0x0000000000001000-0x000000000009efff]
[    0.000000]   node   0: [mem 0x0000000000100000-0x000000007ffeffff]
[    0.000000] Reserved but unavailable: 98 pages
[    0.000000] Initmem setup node 0 [mem 0x0000000000001000-0x000000007ffeffff]
[    0.000000] ACPI: PM-Timer IO Port: 0x4008
[    0.000000] IOAPIC[0]: apic_id 2, version 32, address 0xfec00000, GSI 0-23
[    0.000000] ACPI: INT_SRC_OVR (bus 0 bus_irq 0 global_irq 2 dfl dfl)
[    0.000000] ACPI: INT_SRC_OVR (bus 0 bus_irq 9 global_irq 9 low level)
[    0.000000] Using ACPI (MADT) for SMP configuration information
[    0.000000] smpboot: Allowing 2 CPUs, 0 hotplug CPUs
[    0.000000] PM: Registered nosave memory: [mem 0x00000000-0x00000fff]
[    0.000000] PM: Registered nosave memory: [mem 0x0009f000-0x0009ffff]
[    0.000000] PM: Registered nosave memory: [mem 0x000a0000-0x000effff]
[    0.000000] PM: Registered nosave memory: [mem 0x000f0000-0x000fffff]
[    0.000000] e820: [mem 0x80000000-0xfebfffff] available for PCI devices
[    0.000000] Booting paravirtualized kernel on KVM
[    0.000000] clocksource: refined-jiffies: mask: 0xffffffff max_cycles: 0xffffffff, max_idle_ns: 7645519600211568 ns
[    0.000000] random: get_random_bytes called from start_kernel+0x99/0x500 with crng_init=0
[    0.000000] setup_percpu: NR_CPUS:8192 nr_cpumask_bits:2 nr_cpu_ids:2 nr_node_ids:1
[    0.000000] percpu: Embedded 45 pages/cpu s147456 r8192 d28672 u1048576
[    0.000000] PV qspinlock hash table entries: 256 (order: 0, 4096 bytes)
[    0.000000] Built 1 zonelists, mobility grouping on.  Total pages: 515961
[    0.000000] Policy zone: DMA32
[    0.000000] Kernel command line: BOOT_IMAGE=/boot/vmlinuz-4.15.0-142-generic root=UUID=f00ed87f-530d-463c-9a2a-e203095ea73d ro console=tty1 console=ttyS0
[    0.000000] Memory: 2014048K/2096696K available (12300K kernel code, 2483K rwdata, 4316K rodata, 2444K init, 2724K bss, 82648K reserved, 0K cma-reserved)
[    0.000000] SLUB: HWalign=64, Order=0-3, MinObjects=0, CPUs=2, Nodes=1
[    0.000000] Kernel/User page tables isolation: enabled
[    0.000000] ftrace: allocating 39434 entries in 155 pages
[    0.004000] Hierarchical RCU implementation.
[    0.004000] 	RCU restricting CPUs from NR_CPUS=8192 to nr_cpu_ids=2.
[    0.004000] 	Tasks RCU enabled.
[    0.004000] RCU: Adjusting geometry for rcu_fanout_leaf=16, nr_cpu_ids=2
[    0.004000] NR_IRQS: 524544, nr_irqs: 440, preallocated irqs: 16
[    0.004000] Console: colour VGA+ 80x25
[    0.004000] console [tty1] enabled
[    0.004000] console [ttyS0] enabled
[    0.004000] ACPI: Core revision 20170831
[    0.004000] ACPI: 2 ACPI AML tables successfully acquired and loaded
[    0.004000] APIC: Switch to symmetric I/O mode setup
[    0.004000] x2apic enabled
[    0.004000] Switched APIC routing to physical x2apic.
[    0.004000] ..TIMER: vector=0x30 apic1=0 pin1=2 apic2=-1 pin2=-1
[    0.004005] tsc: Detected 2303.998 MHz processor
[    0.005502] Calibrating delay loop (skipped) preset value.. 4607.99 BogoMIPS (lpj=9215992)
[    0.008002] pid_max: default: 32768 minimum: 301
[    0.008934] Security Framework initialized
[    0.009744] Yama: becoming mindful.
[    0.010506] AppArmor: AppArmor initialized
[    0.013764] Dentry cache hash table entries: 262144 (order: 9, 2097152 bytes)
[    0.016048] Inode-cache hash table entries: 131072 (order: 8, 1048576 bytes)
[    0.017964] Mount-cache hash table entries: 4096 (order: 3, 32768 bytes)
[    0.020011] Mountpoint-cache hash table entries: 4096 (order: 3, 32768 bytes)
[    0.022184] Last level iTLB entries: 4KB 64, 2MB 8, 4MB 8
[    0.024003] Last level dTLB entries: 4KB 64, 2MB 0, 4MB 0, 1GB 4
[    0.025574] Spectre V1 : Mitigation: usercopy/swapgs barriers and __user pointer sanitization
[    0.027360] Spectre V2 : Mitigation: Full generic retpoline
[    0.028005] Spectre V2 : Spectre v2 / SpectreRSB mitigation: Filling RSB on context switch
[    0.030576] Speculative Store Bypass: Vulnerable
[    0.032043] SRBDS: Unknown: Dependent on hypervisor status
[    0.033422] MDS: Mitigation: Clear CPU buffers
[    0.034437] Freeing SMP alternatives memory: 36K
[    0.147019] smpboot: CPU0: Intel(R) Core(TM) i5-7360U CPU @ 2.30GHz (family: 0x6, model: 0x8e, stepping: 0x9)
[    0.148153] Performance Events: unsupported p6 CPU model 142 no PMU driver, software events only.
[    0.152052] Hierarchical SRCU implementation.
[    0.154273] NMI watchdog: Perf event create on CPU 0 failed with -2
[    0.156002] NMI watchdog: Perf NMI watchdog permanently disabled
[    0.157311] smp: Bringing up secondary CPUs ...
[    0.158271] x86: Booting SMP configuration:
[    0.160005] .... node  #0, CPUs:      #1
[    0.004000] kvm-clock: cpu 1, msr 0:7ff44041, secondary cpu clock
[    0.166292] smp: Brought up 1 node, 2 CPUs
[    0.168011] smpboot: Max logical packages: 1
[    0.169521] smpboot: Total of 2 processors activated (9215.99 BogoMIPS)
[    0.172156] devtmpfs: initialized
[    0.173046] x86/mm: Memory block size: 128MB
[    0.174179] evm: security.selinux
[    0.175059] evm: security.SMACK64
[    0.176006] evm: security.SMACK64EXEC
[    0.177091] evm: security.SMACK64TRANSMUTE
[    0.180006] evm: security.SMACK64MMAP
[    0.181133] evm: security.apparmor
[    0.182064] evm: security.ima
[    0.182730] evm: security.capability
[    0.184092] clocksource: jiffies: mask: 0xffffffff max_cycles: 0xffffffff, max_idle_ns: 7645041785100000 ns
[    0.186719] futex hash table entries: 512 (order: 3, 32768 bytes)
[    0.188049] pinctrl core: initialized pinctrl subsystem
[    0.189160] RTC time: 19:43:44, date: 04/23/21
[    0.190199] NET: Registered protocol family 16
[    0.192060] audit: initializing netlink subsys (disabled)
[    0.193226] audit: type=2000 audit(1619207032.191:1): state=initialized audit_enabled=0 res=1
[    0.196015] cpuidle: using governor ladder
[    0.197241] cpuidle: using governor menu
[    0.198140] ACPI: bus type PCI registered
[    0.198945] acpiphp: ACPI Hot Plug PCI Controller Driver version: 0.5
[    0.200111] PCI: Using configuration type 1 for base access
[    0.205302] HugeTLB registered 2.00 MiB page size, pre-allocated 0 pages
[    0.205594] ACPI: Added _OSI(Module Device)
[    0.208004] ACPI: Added _OSI(Processor Device)
[    0.209529] ACPI: Added _OSI(3.0 _SCP Extensions)
[    0.210856] ACPI: Added _OSI(Processor Aggregator Device)
[    0.212010] ACPI: Added _OSI(Linux-Dell-Video)
[    0.212902] ACPI: Added _OSI(Linux-Lenovo-NV-HDMI-Audio)
[    0.213953] ACPI: Added _OSI(Linux-HPI-Hybrid-Graphics)
[    0.215407] ACPI: Executed 1 blocks of module-level executable AML code
[    0.218915] ACPI: Interpreter enabled
[    0.220012] ACPI: (supports S0 S5)
[    0.221173] ACPI: Using IOAPIC for interrupt routing
[    0.224052] PCI: Using host bridge windows from ACPI; if necessary, use "pci=nocrs" and report a bug
[    0.226041] ACPI: Enabled 2 GPEs in block 00 to 07
[    0.233999] ACPI: PCI Root Bridge [PCI0] (domain 0000 [bus 00-ff])
[    0.236000] acpi PNP0A03:00: _OSC: OS supports [ASPM ClockPM Segments MSI]
[    0.236393] acpi PNP0A03:00: _OSC: not requesting OS control; OS requires [ExtendedConfig ASPM ClockPM MSI]
[    0.240010] acpi PNP0A03:00: fail to add MMCONFIG information, can't access extended PCI configuration space under this bridge.
[    0.244499] PCI host bridge to bus 0000:00
[    0.245466] pci_bus 0000:00: root bus resource [io  0x0000-0x0cf7 window]
[    0.246777] pci_bus 0000:00: root bus resource [io  0x0d00-0xffff window]
[    0.248002] pci_bus 0000:00: root bus resource [mem 0x000a0000-0x000bffff window]
[    0.249449] pci_bus 0000:00: root bus resource [mem 0x80000000-0xfdffffff window]
[    0.251280] pci_bus 0000:00: root bus resource [bus 00-ff]
[    0.256121] pci 0000:00:01.1: legacy IDE quirk: reg 0x10: [io  0x01f0-0x01f7]
[    0.257782] pci 0000:00:01.1: legacy IDE quirk: reg 0x14: [io  0x03f6]
[    0.259145] pci 0000:00:01.1: legacy IDE quirk: reg 0x18: [io  0x0170-0x0177]
[    0.260006] pci 0000:00:01.1: legacy IDE quirk: reg 0x1c: [io  0x0376]
[    0.286678] pci 0000:00:07.0: quirk: [io  0x4000-0x403f] claimed by PIIX4 ACPI
[    0.288019] pci 0000:00:07.0: quirk: [io  0x4100-0x410f] claimed by PIIX4 SMB
[    0.298069] ACPI: PCI Interrupt Link [LNKA] (IRQs 5 9 10 *11)
[    0.300055] ACPI: PCI Interrupt Link [LNKB] (IRQs 5 9 *10 11)
[    0.301663] ACPI: PCI Interrupt Link [LNKC] (IRQs 5 *9 10 11)
[    0.303305] ACPI: PCI Interrupt Link [LNKD] (IRQs 5 9 10 *11)
[    0.304341] SCSI subsystem initialized
[    0.305138] pci 0000:00:02.0: vgaarb: setting as boot VGA device
[    0.305640] pci 0000:00:02.0: vgaarb: VGA device added: decodes=io+mem,owns=io+mem,locks=none
[    0.308009] pci 0000:00:02.0: vgaarb: bridge control possible
[    0.309712] vgaarb: loaded
[    0.310365] ACPI: bus type USB registered
[    0.312022] usbcore: registered new interface driver usbfs
[    0.313133] usbcore: registered new interface driver hub
[    0.314178] usbcore: registered new device driver usb
[    0.316047] EDAC MC: Ver: 3.0.0
[    0.316979] PCI: Using ACPI for IRQ routing
[    0.317567] NetLabel: Initializing
[    0.320011] NetLabel:  domain hash size = 128
[    0.320935] NetLabel:  protocols = UNLABELED CIPSOv4 CALIPSO
[    0.322098] NetLabel:  unlabeled traffic allowed by default
[    0.324068] clocksource: Switched to clocksource kvm-clock
[    0.338433] VFS: Disk quotas dquot_6.6.0
[    0.339535] VFS: Dquot-cache hash table entries: 512 (order 0, 4096 bytes)
[    0.341788] AppArmor: AppArmor Filesystem Enabled
[    0.343602] pnp: PnP ACPI init
[    0.345752] pnp: PnP ACPI: found 3 devices
[    0.355519] clocksource: acpi_pm: mask: 0xffffff max_cycles: 0xffffff, max_idle_ns: 2085701024 ns
[    0.358042] NET: Registered protocol family 2
[    0.359859] TCP established hash table entries: 16384 (order: 5, 131072 bytes)
[    0.362119] TCP bind hash table entries: 16384 (order: 6, 262144 bytes)
[    0.364409] TCP: Hash tables configured (established 16384 bind 16384)
[    0.367296] UDP hash table entries: 1024 (order: 3, 32768 bytes)
[    0.368953] UDP-Lite hash table entries: 1024 (order: 3, 32768 bytes)
[    0.370260] NET: Registered protocol family 1
[    0.371125] pci 0000:00:00.0: Limiting direct PCI/PCI transfers
[    0.372314] pci 0000:00:01.0: Activating ISA DMA hang workarounds
[    0.374040] pci 0000:00:02.0: Video device with shadowed ROM at [mem 0x000c0000-0x000dffff]
[    0.376245] Unpacking initramfs...
[    0.680654] Freeing initrd memory: 20384K
[    0.682015] clocksource: tsc: mask: 0xffffffffffffffff max_cycles: 0x2135f5e6f15, max_idle_ns: 440795231538 ns
[    0.684297] platform rtc_cmos: registered platform RTC device (no PNP device found)
[    0.686604] Scanning for low memory corruption every 60 seconds
[    0.688905] Initialise system trusted keyrings
[    0.690123] Key type blacklist registered
[    0.691234] workingset: timestamp_bits=36 max_order=19 bucket_order=0
[    0.693919] zbud: loaded
[    0.695338] squashfs: version 4.0 (2009/01/31) Phillip Lougher
[    0.697319] fuse init (API version 7.26)
[    0.700301] Key type asymmetric registered
[    0.701520] Asymmetric key parser 'x509' registered
[    0.702854] Block layer SCSI generic (bsg) driver version 0.4 loaded (major 246)
[    0.704538] io scheduler noop registered
[    0.705328] io scheduler deadline registered
[    0.706204] io scheduler cfq registered (default)
[    0.707652] ACPI: AC Adapter [AC] (on-line)
[    0.709028] input: Power Button as /devices/LNXSYSTM:00/LNXPWRBN:00/input/input0
[    0.711737] ACPI: Power Button [PWRF]
[    0.712821] input: Sleep Button as /devices/LNXSYSTM:00/LNXSLPBN:00/input/input1
[    0.714257] ACPI: Sleep Button [SLPF]
[    0.716266] Serial: 8250/16550 driver, 32 ports, IRQ sharing enabled
[    0.716531] ACPI: Battery Slot [BAT0] (battery present)
[    0.740147] 00:02: ttyS0 at I/O 0x3f8 (irq = 4, base_baud = 115200) is a 16550A
[    0.744011] Linux agpgart interface v0.103
[    0.747601] loop: module loaded
[    0.749120] scsi host0: ata_piix
[    0.750441] scsi host1: ata_piix
[    0.751571] ata1: PATA max UDMA/33 cmd 0x1f0 ctl 0x3f6 bmdma 0xd000 irq 14
[    0.753677] ata2: PATA max UDMA/33 cmd 0x170 ctl 0x376 bmdma 0xd008 irq 15
[    0.755442] libphy: Fixed MDIO Bus: probed
[    0.756781] tun: Universal TUN/TAP device driver, 1.6
[    0.757873] PPP generic driver version 2.4.2
[    0.758883] ehci_hcd: USB 2.0 'Enhanced' Host Controller (EHCI) Driver
[    0.761644] ehci-pci: EHCI PCI platform driver
[    0.763731] ehci-platform: EHCI generic platform driver
[    0.765157] ohci_hcd: USB 1.1 'Open' Host Controller (OHCI) Driver
[    0.766399] ohci-pci: OHCI PCI platform driver
[    0.767796] ohci-platform: OHCI generic platform driver
[    0.769380] uhci_hcd: USB Universal Host Controller Interface driver
[    0.770659] i8042: PNP: PS/2 Controller [PNP0303:PS2K,PNP0f03:PS2M] at 0x60,0x64 irq 1,12
[    0.772718] serio: i8042 KBD port at 0x60,0x64 irq 1
[    0.774184] serio: i8042 AUX port at 0x60,0x64 irq 12
[    0.775540] mousedev: PS/2 mouse device common for all mice
[    0.777814] input: AT Translated Set 2 keyboard as /devices/platform/i8042/serio0/input/input2
[    0.781074] rtc_cmos rtc_cmos: rtc core: registered rtc_cmos as rtc0
[    0.782830] rtc_cmos rtc_cmos: alarms up to one day, 114 bytes nvram
[    0.784704] i2c /dev entries driver
[    0.785872] device-mapper: uevent: version 1.0.3
[    0.787138] device-mapper: ioctl: 4.37.0-ioctl (2017-09-20) initialised: dm-devel@redhat.com
[    0.788832] ledtrig-cpu: registered to indicate activity on CPUs
[    0.790521] NET: Registered protocol family 10
[    0.795736] Segment Routing with IPv6
[    0.796923] NET: Registered protocol family 17
[    0.797872] Key type dns_resolver registered
[    0.798940] mce: Using 0 MCE banks
[    0.799649] RAS: Correctable Errors collector initialized.
[    0.801687] sched_clock: Marking stable (801655615, 0)->(1024309051, -222653436)
[    0.804255] registered taskstats version 1
[    0.805080] Loading compiled-in X.509 certificates
[    0.808047] Loaded X.509 cert 'Build time autogenerated kernel key: 028139f94c642d40642d50ab098c4e7b0aebaa81'
[    0.812190] Loaded X.509 cert 'Canonical Ltd. Live Patch Signing: 14df34d1a87cf37625abec039ef2bf521249b969'
[    0.815748] Loaded X.509 cert 'Canonical Ltd. Kernel Module Signing: 88f752e560a1e0737e31163a466ad7b70a850c19'
[    0.817903] zswap: loaded using pool lzo/zbud
[    0.822681] Key type big_key registered
[    0.823926] Key type trusted registered
[    0.826889] Key type encrypted registered
[    0.827919] AppArmor: AppArmor sha1 policy hashing enabled
[    0.829627] ima: No TPM chip found, activating TPM-bypass! (rc=-19)
[    0.830882] ima: Allocated hash algorithm: sha1
[    0.831777] evm: HMAC attrs: 0x1
[    0.832723]   Magic number: 1:417:749
[    0.833663] tty ttyS0: hash matches
[    0.835290] rtc_cmos rtc_cmos: setting system clock to 2021-04-23 19:43:44 UTC (1619207024)
[    0.837474] BIOS EDD facility v0.16 2004-Jun-25, 0 devices found
[    0.838632] EDD information not available.
[    1.005638] Freeing unused kernel image memory: 2444K
[    1.164381] Write protecting the kernel read-only data: 20480k
[    1.167416] Freeing unused kernel image memory: 2008K
[    1.169874] Freeing unused kernel image memory: 1828K
[    1.179389] x86/mm: Checked W+X mappings: passed, no W+X pages found.
[    1.180790] x86/mm: Checking user space page tables
[    1.188469] x86/mm: Checked W+X mappings: passed, no W+X pages found.
Loading, please wait...
starting version 237
[    1.306982] e1000: Intel(R) PRO/1000 Network Driver - version 7.3.21-k8-NAPI
[    1.310111] e1000: Copyright (c) 1999-2006 Intel Corporation.
[    1.313671] Fusion MPT base driver 3.04.20
[    1.314798] Copyright (c) 1999-2008 LSI Corporation
[    1.332857] Fusion MPT SPI Host driver 3.04.20
[    1.335170] AVX2 version of gcm_enc/dec engaged.
[    1.336174] AES CTR mode by8 optimization enabled
[    1.344561] mptbase: ioc0: Initiating bringup
[    1.603517] input: ImExPS/2 Generic Explorer Mouse as /devices/platform/i8042/serio1/input/input4
[    1.704941] ioc0: LSI53C1030 A0: Capabilities={Initiator}
[    3.477831] scsi host2: ioc0: LSI53C1030 A0, FwRev=00000000h, Ports=1, MaxQ=256, IRQ=20
[    4.979547] scsi 2:0:0:0: Direct-Access     VBOX     HARDDISK         1.0  PQ: 0 ANSI: 5
[    5.016682] scsi target2:0:0: Beginning Domain Validation
[    5.021775] scsi target2:0:0: Domain Validation skipping write tests
[    5.025182] scsi target2:0:0: Ending Domain Validation
[    5.028649] scsi target2:0:0: asynchronous
[    5.030231] scsi 2:0:1:0: Direct-Access     VBOX     HARDDISK         1.0  PQ: 0 ANSI: 5
[    5.366732] scsi target2:0:1: Beginning Domain Validation
[    5.370354] random: fast init done
[    5.371588] scsi target2:0:1: Domain Validation skipping write tests
[    5.373421] scsi target2:0:1: Ending Domain Validation
[    5.374545] scsi target2:0:1: asynchronous
[    5.380387] sd 2:0:0:0: [sda] 83886080 512-byte logical blocks: (42.9 GB/40.0 GiB)
[    5.380624] random: systemd-udevd: uninitialized urandom read (16 bytes read)
[    5.381920] sd 2:0:0:0: Attached scsi generic sg0 type 0
[    5.383954] random: systemd-udevd: uninitialized urandom read (16 bytes read)
[    5.383958] random: systemd-udevd: uninitialized urandom read (16 bytes read)
[    5.384207] sd 2:0:0:0: [sda] Write Protect is off
[    5.390559] sd 2:0:1:0: [sdb] 20480 512-byte logical blocks: (10.5 MB/10.0 MiB)
[    5.393185] sd 2:0:1:0: [sdb] Write Protect is off
[    5.397066] sd 2:0:1:0: [sdb] Incomplete mode parameter data
[    5.398537] sd 2:0:1:0: [sdb] Assuming drive cache: write through
[    5.399181] sd 2:0:0:0: [sda] Incomplete mode parameter data
[    5.400446] sd 2:0:1:0: Attached scsi generic sg1 type 0
[    5.401992] sd 2:0:0:0: [sda] Assuming drive cache: write through
[    5.408982] sd 2:0:1:0: [sdb] Attached SCSI disk
[    5.413716] e1000 0000:00:03.0 eth0: (PCI:33MHz:32-bit) 02:bb:7e:38:85:b0
[    5.415380] e1000 0000:00:03.0 eth0: Intel(R) PRO/1000 Network Connection
[    5.418166]  sda: sda1
[    5.419510] sd 2:0:0:0: [sda] Attached SCSI disk
[    5.419770] e1000 0000:00:03.0 enp0s3: renamed from eth0
Begin: Loading essential drivers ... [    6.896208] raid6: sse2x1   gen()  3306 MB/s
[    6.944146] raid6: sse2x1   xor()  6896 MB/s
[    6.992527] raid6: sse2x2   gen() 13661 MB/s
[    7.040057] raid6: sse2x2   xor()  9197 MB/s
[    7.088256] raid6: sse2x4   gen() 15491 MB/s
[    7.136134] raid6: sse2x4   xor()  9792 MB/s
[    7.184184] raid6: avx2x1   gen() 18381 MB/s
[    7.232096] raid6: avx2x1   xor() 13372 MB/s
[    7.280190] raid6: avx2x2   gen() 23049 MB/s
[    7.328360] raid6: avx2x2   xor() 11537 MB/s
[    7.377070] raid6: avx2x4   gen() 21589 MB/s
[    7.424068] raid6: avx2x4   xor() 14071 MB/s
[    7.428217] raid6: using algorithm avx2x2 gen() 23049 MB/s
[    7.430958] raid6: .... xor() 11537 MB/s, rmw enabled
[    7.433475] raid6: using avx2x2 recovery algorithm
[    7.437662] xor: automatically using best checksumming function   avx       
[    7.444742] async_tx: api initialized (async)
done.
Begin: Running /scripts/init-premount ... done.
Begin: Mounting root file system ... Begin: Running /scripts/local-top ... done.
Begin: Running /scripts/local-premount ... [    7.519804] Btrfs loaded, crc32c=crc32c-intel
Scanning for Btrfs filesystems
done.
Begin: Will now check root file system ... fsck from util-linux 2.31.1
[/sbin/fsck.ext4 (1) -- /dev/sda1] fsck.ext4 -a -C0 /dev/sda1 
cloudimg-rootfs: recovering journal
cloudimg-rootfs: clean, 160691/5120000 files, 937285/10485499 blocks
done.
[    7.822239] EXT4-fs (sda1): mounted filesystem with ordered data mode. Opts: (null)
done.
Begin: Running /scripts/local-bottom ... done.
Begin: Running /scripts/init-bottom ... done.
[    8.533594] ip_tables: (C) 2000-2006 Netfilter Core Team
[    8.582829] systemd[1]: systemd 237 running in system mode. (+PAM +AUDIT +SELINUX +IMA +APPARMOR +SMACK +SYSVINIT +UTMP +LIBCRYPTSETUP +GCRYPT +GNUTLS +ACL +XZ +LZ4 +SECCOMP +BLKID +ELFUTILS +KMOD -IDN2 +IDN -PCRE2 default-hierarchy=hybrid)
[    8.590593] systemd[1]: Detected virtualization oracle.
[    8.592256] systemd[1]: Detected architecture x86-64.

Welcome to [1mUbuntu 18.04.5 LTS[0m!

[    8.608210] systemd[1]: Set hostname to <ubuntu-bionic>.
[    9.230225] random: crng init done
[    9.246770] random: 7 urandom warning(s) missed due to ratelimiting
[    9.949110] systemd[1]: Reached target User and Group Name Lookups.
[[0;32m  OK  [0m] Reached target User and Group Name Lookups.
[    9.951640] systemd[1]: Reached target Swap.
[[0;32m  OK  [0m] Reached target Swap.
[    9.958155] systemd[1]: Created slice System Slice.
[[0;32m  OK  [0m] Created slice System Slice.
[    9.981414] systemd[1]: Listening on Network Service Netlink Socket.
[[0;32m  OK  [0m] Listening on Network Service Netlink Socket.
[    9.988570] systemd[1]: Listening on Journal Socket.
[[0;32m  OK  [0m] Listening on Journal Socket.
[   10.002629] systemd[1]: Mounting Huge Pages File System...
         Mounting Huge Pages File System...
         Starting Set the console keyboard layout...
         Starting Create list of required stâ€¦ce nodes for the current kernel...
[[0;32m  OK  [0m] Listening on LVM2 poll daemon socket.
[[0;32m  OK  [0m] Listening on Device-mapper event daemon FIFOs.
[[0;32m  OK  [0m] Set up automount Arbitrary Executabâ€¦rmats File System Automount Point.
[[0;32m  OK  [0m] Created slice system-serial\x2dgetty.slice.
[[0;32m  OK  [0m] Listening on /dev/initctl Compatibility Named Pipe.
[[0;32m  OK  [0m] Listening on Journal Audit Socket.
[[0;32m  OK  [0m] Created slice User and Session Slice.
[[0;32m  OK  [0m] Listening on udev Kernel Socket.
         Starting Uncomplicated firewall...
[[0;32m  OK  [0m] Started Forward Password Requests to Wall Directory Watch.
[[0;32m  OK  [0m] Reached target Slices.
[[0;32m  OK  [0m] Listening on Syslog Socket.
[[0;32m  OK  [0m] Reached target System Time Synchronized.
[[0;32m  OK  [0m] Listening on LVM2 metadata daemon socket.
         Mounting POSIX Message Queue File System...
         Mounting Kernel Debug File System...
         Starting Monitoring of LVM2 mirrorsâ€¦ng dmeventd or progress polling...
[[0;32m  OK  [0m] Listening on Journal Socket (/dev/log).
         Starting Journal Service...
         Starting Load Kernel Modules...
[[0;32m  OK  [0m] Listening on fsck to fsckd communication Socket.
         Starting Remount Root and Kernel File Systems...
[[0;32m  OK  [0m] Listening on udev Control Socket.
         Starting udev Coldplug all Devices...
[[0;32m  OK  [0m] Mounted Huge Pages File System.
[[0;32m  OK  [0m] Started Create list of required staâ€¦vice nodes for the current kernel.
[[0;32m  OK  [0m] Started Uncomplicated firewall.
[[0;32m  OK  [0m] Started Set the console keyboard layout.
[[0;32m  OK  [0m] Mounted POSIX Message Queue File System.
[[0;32m  OK  [0m] Mounted Kernel Debug File System.
         Starting Create Static Device Nodes in /dev...
[[0;32m  OK  [0m] Started udev Coldplug all Devices.
[[0;32m  OK  [0m] Started Journal Service.
[[0;32m  OK  [0m] Started Create Static Device Nodes in /dev.
[[0;32m  OK  [0m] Started LVM2 metadata daemon.
[   10.615165] EXT4-fs (sda1): re-mounted. Opts: (null)
[   10.620655] Loading iSCSI transport class v2.0-870.
[[0;32m  OK  [0m] Started Remount Root and Kernel File Systems.
         Starting Load/Save Random Seed...
         Starting Flush Journal to Persistent Storage...
         Starting udev Kernel Device Manager...
[[0;32m  OK  [0m] Started Monitoring of LVM2 mirrors,â€¦sing dmeventd or progress polling.
[[0;32m  OK  [0m] Reached target Local File Systems (Pre).
[   10.722362] iscsi: registered transport (tcp)
         Mounting /vagrant...
[[0;32m  OK  [0m] Reached target Local File Systems.
         Starting AppArmor initialization...
         Starting Tell Plymouth To Write Out Runtime Data...
         Starting Set console font and keymap...
         Starting ebtables ruleset management...
[[0;32m  OK  [0m] Started Load/Save Random Seed.
[   10.837940] systemd-journald[423]: Received request to flush runtime journal from PID 1
[[0;32m  OK  [0m] Started udev Kernel Device Manager.
[[0;32m  OK  [0m] Started Dispatch Password Requests to Console Directory Watch.
[[0;32m  OK  [0m] Reached target Local Encrypted Volumes.
[[0;32m  OK  [0m] Started Tell Plymouth To Write Out Runtime Data.
[[0;32m  OK  [0m] Started Set console font and keymap.
[   10.999850] iscsi: registered transport (iser)
[[0;32m  OK  [0m] Started Load Kernel Modules.
         Mounting Kernel Configuration File System...
         Starting Apply Kernel Variables...
         Mounting FUSE Control File System...
[[0;32m  OK  [0m] Mounted Kernel Configuration File System.
[[0;32m  OK  [0m] Mounted FUSE Control File System.
[   11.059259] vgdrvHeartbeatInit: Setting up heartbeat to trigger every 2000 milliseconds
[   11.062184] input: Unspecified device as /devices/pci0000:00/0000:00:04.0/input/input5
[   11.068284] vboxguest: misc device minor 56, IRQ 20, I/O port d020, MMIO at 00000000f0400000 (size 0x400000)
[[0;32m  OK  [0m] Started Apply Kernel Variables.
[[0;32m  OK  [0m] Mounted /vagrant.
[[0;32m  OK  [0m] Started ebtables ruleset management.
[[0;32m  OK  [0m] Started Flush Journal to Persistent Storage.
         Starting Create Volatile Files and Directories...
[[0;32m  OK  [0m] Started Create Volatile Files and Directories.
         Starting Update UTMP about System Boot/Shutdown...
[[0;32m  OK  [0m] Found device /dev/ttyS0.
[[0;32m  OK  [0m] Started Update UTMP about System Boot/Shutdown.
[[0;32m  OK  [0m] Listening on Load/Save RF Kill Switch Status /dev/rfkill Watch.
[[0;32m  OK  [0m] Started AppArmor initialization.
         Starting Initial cloud-init job (pre-networking)...
         Starting Load AppArmor profiles managed internally by snapd...
[[0;32m  OK  [0m] Started Load AppArmor profiles managed internally by snapd.
[   14.151814] cloud-init[558]: Cloud-init v. 20.4.1-0ubuntu1~18.04.1 running 'init-local' at Fri, 23 Apr 2021 19:43:57 +0000. Up 13.92 seconds.
[[0;32m  OK  [0m] Started Initial cloud-init job (pre-networking).
[[0;32m  OK  [0m] Reached target Network (Pre).
         Starting Network Service...
[[0;32m  OK  [0m] Started Network Service.
         Starting Wait for Network to be Configured...
         Starting Network Name Resolution...
[[0;32m  OK  [0m] Started Network Name Resolution.
[[0;32m  OK  [0m] Reached target Network.
[[0;32m  OK  [0m] Reached target Host and Network Name Lookups.
[[0;32m  OK  [0m] Started Wait for Network to be Configured.
         Starting Initial cloud-init job (metadata service crawler)...
[   16.287119] cloud-init[682]: Cloud-init v. 20.4.1-0ubuntu1~18.04.1 running 'init' at Fri, 23 Apr 2021 19:43:59 +0000. Up 15.95 seconds.
[   16.300973] cloud-init[682]: ci-info: ++++++++++++++++++++++++++++++++++++++Net device info++++++++++++++++++++++++++++++++++++++
[   16.303745] cloud-init[682]: ci-info: +--------+------+----------------------------+---------------+--------+-------------------+
[   16.316496] cloud-init[682]: ci-info: | Device |  Up  |          Address           |      Mask     | Scope  |     Hw-Address    |
[   16.336387] cloud-init[682]: ci-info: +--------+------+----------------------------+---------------+--------+-------------------+
[   16.348507] cloud-init[682]: ci-info: | enp0s3 | True |         10.0.2.15          | 255.255.255.0 | global | 02:bb:7e:38:85:b0 |
[   16.362020] cloud-init[682]: ci-info: | enp0s3 | True | fe80::bb:7eff:fe38:85b0/64 |       .       |  link  | 02:bb:7e:38:85:b0 |
[   16.365972] cloud-init[682]: ci-info: |   lo   | True |         127.0.0.1          |   255.0.0.0   |  host  |         .         |
[   16.380504] cloud-init[682]: ci-info: |   lo   | True |          ::1/128           |       .       |  host  |         .         |
[   16.386306] cloud-init[682]: ci-info: +--------+------+----------------------------+---------------+--------+-------------------+
[   16.400451] cloud-init[682]: ci-info: ++++++++++++++++++++++++++++Route IPv4 info+++++++++++++++++++++++++++++
[   16.403104] cloud-init[682]: ci-info: +-------+-------------+----------+-----------------+-----------+-------+
[   16.407291] cloud-init[682]: ci-info: | Route | Destination | Gateway  |     Genmask     | Interface | Flags |
[   16.433530] cloud-init[682]: ci-info: +-------+-------------+----------+-----------------+-----------+-------+
[   16.437891] cloud-init[682]: ci-info: |   0   |   0.0.0.0   | 10.0.2.2 |     0.0.0.0     |   enp0s3  |   UG  |
[   16.441835] cloud-init[682]: ci-info: |   1   |   10.0.2.0  | 0.0.0.0  |  255.255.255.0  |   enp0s3  |   U   |
[   16.446935] cloud-init[682]: ci-info: |   2   |   10.0.2.2  | 0.0.0.0  | 255.255.255.255 |   enp0s3  |   UH  |
[   16.450044] cloud-init[682]: ci-info: +-------+-------------+----------+-----------------+-----------+-------+
[   16.468416] cloud-init[682]: ci-info: +++++++++++++++++++Route IPv6 info+++++++++++++++++++
[   16.480882] cloud-init[682]: ci-info: +-------+-------------+---------+-----------+-------+
[   16.485256] cloud-init[682]: ci-info: | Route | Destination | Gateway | Interface | Flags |
[   16.490149] cloud-init[682]: ci-info: +-------+-------------+---------+-----------+-------+
[   16.508397] cloud-init[682]: ci-info: |   1   |  fe80::/64  |    ::   |   enp0s3  |   U   |
[   16.520936] cloud-init[682]: ci-info: |   3   |    local    |    ::   |   enp0s3  |   U   |
[   16.525636] cloud-init[682]: ci-info: |   4   |   ff00::/8  |    ::   |   enp0s3  |   U   |
[   16.544570] cloud-init[682]: ci-info: +-------+-------------+---------+-----------+-------+
[[0;32m  OK  [0m] Started Initial cloud-init job (metadata service crawler).
[[0;32m  OK  [0m] Reached target Network is Online.
[[0;32m  OK  [0m] Reached target Remote File Systems (Pre).
[[0;32m  OK  [0m] Reached target Remote File Systems.
         Starting Availability of block devices...
[[0;32m  OK  [0m] Reached target System Initialization.
[[0;32m  OK  [0m] Started Discard unused blocks once a week.
[[0;32m  OK  [0m] Started Daily Cleanup of Temporary Directories.
[[0;32m  OK  [0m] Started Daily apt download activities.
[[0;32m  OK  [0m] Started ACPI Events Check.
[[0;32m  OK  [0m] Started Message of the Day.
[[0;32m  OK  [0m] Listening on Open-iSCSI iscsid Socket.
[[0;32m  OK  [0m] Listening on D-Bus System Message Bus Socket.
[[0;32m  OK  [0m] Listening on ACPID Listen Socket.
[[0;32m  OK  [0m] Listening on UUID daemon activation socket.
[[0;32m  OK  [0m] Started Daily apt upgrade and clean activities.
[[0;32m  OK  [0m] Reached target Timers.
         Starting LXD - unix socket.
[[0;32m  OK  [0m] Reached target Paths.
         Starting Socket activation for snappy daemon.
[[0;32m  OK  [0m] Reached target Cloud-config availability.
[[0;32m  OK  [0m] Started Availability of block devices.
[[0;32m  OK  [0m] Listening on LXD - unix socket.
[[0;32m  OK  [0m] Listening on Socket activation for snappy daemon.
[[0;32m  OK  [0m] Reached target Sockets.
[[0;32m  OK  [0m] Reached target Basic System.
         Starting Login Service...
         Starting Permit User Sessions...
         Starting Message of the Day...
[[0;32m  OK  [0m] Started irqbalance daemon.
         Starting LSB: Record successful boot for GRUB...
         Starting System Logging Service...
[[0;32m  OK  [0m] Started D-Bus System Message Bus.
[[0;32m  OK  [0m] Started Login Service.
[[0;32m  OK  [0m] Started Unattended Upgrades Shutdown.
[[0;32m  OK  [0m] Started Deferred execution scheduler.
         Starting LSB: automatic crash report generation...
         Starting Accounts Service...
[[0;32m  OK  [0m] Started Regular background program processing daemon.
[[0;32m  OK  [0m] Started FUSE filesystem for LXC.
         Starting Virtualbox guest utils...
         Starting Snap Daemon...
         Starting Dispatcher daemon for systemd-networkd...
         Starting OpenBSD Secure Shell server...
         Starting LXD - container startup/shutdown...
[[0;32m  OK  [0m] Started System Logging Service.
[[0;32m  OK  [0m] Started Permit User Sessions.
         Starting Hold until boot process finishes up...
         Starting Terminate Plymouth Boot Screen...
[[0;32m  OK  [0m] Started Hold until boot process finishes up.
[[0;32m  OK  [0m] Started Terminate Plymouth Boot Screen.
         Starting Authorization Manager...
         Starting Set console scheme...
[[0;32m  OK  [0m] Started Serial Getty on ttyS0.
[[0;32m  OK  [0m] Started Set console scheme.
[[0;32m  OK  [0m] Created slice system-getty.slice.
[[0;32m  OK  [0m] Started Getty on tty1.
[[0;32m  OK  [0m] Reached target Login Prompts.
[[0;32m  OK  [0m] Started LSB: automatic crash report generation.
[[0;32m  OK  [0m] Started Authorization Manager.
[[0;32m  OK  [0m] Started Accounts Service.
[[0;32m  OK  [0m] Started LSB: Record successful boot for GRUB.
[[0;32m  OK  [0m] Started OpenBSD Secure Shell server.
[[0;32m  OK  [0m] Started Virtualbox guest utils.
[[0;32m  OK  [0m] Started Dispatcher daemon for systemd-networkd.
[[0;32m  OK  [0m] Created slice User Slice of vagrant.
[[0;32m  OK  [0m] Started LXD - container startup/shutdown.
         Starting User Manager for UID 1000...
[[0;32m  OK  [0m] Started Session 1 of user vagrant.
[[0;32m  OK  [0m] Started User Manager for UID 1000.
[[0;32m  OK  [0m] Started Snap Daemon.
         Starting Wait until snapd is fully seeded...
[[0;32m  OK  [0m] Started Wait until snapd is fully seeded.
         Starting Apply the settings specified in cloud-config...
[[0;32m  OK  [0m] Reached target Multi-User System.
[[0;32m  OK  [0m] Reached target Graphical Interface.
         Starting Update UTMP about System Runlevel Changes...
[[0;32m  OK  [0m] Started Update UTMP about System Runlevel Changes.
[[0;32m  OK  [0m] Started Message of the Day.
[   22.631117] cloud-init[1095]: Cloud-init v. 20.4.1-0ubuntu1~18.04.1 running 'modules:config' at Fri, 23 Apr 2021 19:44:05 +0000. Up 22.29 seconds.
[[0;32m  OK  [0m] Started Apply the settings specified in cloud-config.
         Starting Execute cloud user/final scripts...

Ubuntu 18.04.5 LTS ubuntu-bionic ttyS0

ubuntu-bionic login: [   25.783008] cloud-init[1144]: Cloud-init v. 20.4.1-0ubuntu1~18.04.1 running 'modules:final' at Fri, 23 Apr 2021 19:44:08 +0000. Up 24.72 seconds.
[   25.783558] cloud-init[1144]: Cloud-init v. 20.4.1-0ubuntu1~18.04.1 finished at Fri, 23 Apr 2021 19:44:09 +0000. Datasource DataSourceNoCloud [seed=/dev/sdb][dsmode=net].  Up 25.77 seconds
